ffff0911
feff4105
fdff401d
fcff4019
fbff4005
faff0915
