11
19
12
1a
14
1b
14
52
43
1e
11
1b
14
52
43
1f
13
76
49
6f
00
