0000
01af
02ee
b015
b109
b22e
b30a
b464
b5fe
b681
b7f0
